i+
f+
/\
\
>>
<<
\/
xor
i**
f**
/
i-
f-
u-
//
i*
f*
rem
abs
atan
ceiling
cos
exp
float
frac
int
floor
log
round
sign
sin
sqrt
truncate
