zero
one
two
105
skip
101
115
116
peek
49
10
-1

          three
