
           96233
           62513
          ------
          158746

           7531
           0825
          -----
          08356

          526485
          197485
          ------
          723970
