123
[]
abc def
[1,2]
[1,2|3]
foo(_40,_41) :- bar,!,baz(_40)
(1+2)/3
1- -2
123
[]
'abc def'
[1,2]
[1,2|3]
foo(_40,_41) :- bar,!,baz(_40)
(1+2)/3
1- -2
