abc
once:
another(_47, _48, _47, _48)
another
some(term)
[list,1]
twice:
another(_63, _64, _63, _64)
another
[list,1]
1
2
3
4
5
6
7
8
9
10
