f(_4, _5)
-10
a
[_10,_14,_14]
[f(_16, _17),f(_20, _21)]
