[1,2,3,4,5,6,12,45,321]
[1,2,3,5,100,a,b,e,h,x]
[-(0, e),-(1, a),-(2, b),-(3, xxx),-(99, test)]
