_15
foo :- baz
foo :- bar

hello(1) :- true


hello(no,ok) :- true

