[12,+,4,-,29]
[12,+,4,-,2,9]
[1,2,+,4,-,29]
[1,2,+,4,-,2,9]
