[2,3,6,4,1,9,2,8,1,5,1,4,7,4,1,5,1,8,2,9,1,4,6,3,2]
