house(yellow,norwegian,fox,water,kools)
house(blue,ukrainian,horse,tea,chesterfields)
house(red,english,snails,milk,winstons)
house(ivory,spanish,dog,orange_juice,lucky_strikes)
house(green,japanese,zebra,coffee,parliaments)
