[4/[dog,cat,horse],6/[ant,bee],8/[tarantula]]
[[_766,_767]/_767,[_778]/1]
