[4/[cat,dog,horse],6/[ant,bee],8/[tarantula]]
[[4-[dog,cat,horse],6-[ant,bee],8-[tarantula]]]
[[2]]
[[_1593,_1594]]
[[_1949,_1950,f(_1949),f(_1950)]]
