[[acknowledgements],[who],[should],[i],[thank],[my],[so],[called],[colleagues],[who],[laugh],[at],[me],[behind],[my],[back],[all],[the],[while],[becoming],[famous],[on],[my],[work],[my],[worthless],[graduate],[students],[whose],[computer],[skills],[appear],[to],[be],[limited],[to],[downloading],[bitmaps],[off],[of],[netnews],[my],[parents],[who],[are],[still],[waiting],[for],[me],[to],[quit],[fooling],[around],[with],[computers],[go],[to],[med],[school],[and],[become],[a],[radiologist],[my],[department],[chairman],[a],[manager],[who],[gives],[one],[new],[insight],[into],[and],[sympathy],[for],[disgruntled],[postal],[workers],[my],[god],[no],[one],[could],[blame],[me],[no],[one],[if],[i],[go,-past],[off],[the],[edge],[and],[just],[lose,-past],[it],[completely],[one],[day],[i],[could,not],[get],[through],[the],[day],[as],[it],[is],[without],[the],[prozac],[and],[jack],[daniels],[i],[keep],[on],[the],[shelf],[behind],[my],[tops],[jsys],[manuals],[i],[start],[getting],[the],[shakes],[real],[bad],[around],[am],[right],[before],[my],[advisor],[meetings],[a],[oz],[jack],[n],[zac],[helps],[me],[get],[through],[the],[meetings],[without],[one],[of],[my],[students],[winding],[up],[with],[his],[severed],[head],[in],[a],[bowling],[ball],[bag],[they],[look],[at],[me],[funny],[they],[think],[i],[twitch],[a],[lot],[i],[m],[not],[twitching],[i],[m],[controlling],[my],[impulse],[to],[snag],[my],[mm],[sig],[sauer],[out],[from],[my],[day],[pack],[and],[make],[a],[few],[strong],[points],[about],[the],[quality],[of],[undergraduate],[education],[in],[amerika],[if],[i],[think,-past],[anyone],[cared],[if],[i],[think,-past],[anyone],[would],[even],[be],[reading],[this],[i],[d],[probably],[make],[an],[effort],[to],[keep],[up],[appearances],[until],[the],[last],[possible],[moment],[but],[no],[one],[does],[and],[no],[one],[will],[so],[i],[can],[pretty],[much],[say],[exactly],[what],[i],[think],[oh],[yes],[the],[acknowledgements],[i],[think],[not],[i],[do,-past],[it],[i],[do,-past],[it],[all],[by],[myself],[olin],[shivers],[cambridge],[september]]
