foo('$VAR'(0),'$VAR'(1),['$VAR'(0)|'$VAR'(2)],yes,no('$VAR'(2)))
