9
[push(a),push(1),push(b),plus,push(c),plus,plus,push(33),plus]
